# Test if graph with no valid path causes correct Dijkstra test output.

# Create graph g
created graph g

# Add city names to graph g
added node LosSantos to g
added node SanAndreas to g
added node SanFierro to g
added node LasVenturas to g
added node Ludendorff to g
added node Vice to g
added node Liberty to g
added node Alderney to g

# Add edges to graph g
added edge 50.000 from LosSantos to SanAndreas in g

# Test pathfinding
path from LosSantos to Liberty:
no path found
