# Test if Dijkstra implementation provides correct output navigating 1-edge graph

# Create graph g
created graph g

# Add city names to graph g
added node LosSantos to g
added node SanAndreas to g
added node SanFierro to g
added node LasVenturas to g
added node Ludendorff to g
added node Vice to g
added node Liberty to g
added node Alderney to g

# Add edges to graph g
added edge 1.230 from LosSantos to SanAndreas in g

# Test pathfinding
path from LosSantos to SanAndreas:
LosSantos to SanAndreas with weight 1.230
total cost: 1.230