# Test if Dijkstra implementation provides correct output navigating 2-edge graph

# Create graph g
created graph g

# Add city names to graph g
added node LosSantos to g
added node SanAndreas to g
added node SanFierro to g
added node LasVenturas to g
added node Ludendorff to g
added node Vice to g
added node Liberty to g
added node Alderney to g

# Add edges to graph g
added edge 1.230 from LosSantos to SanAndreas in g
added edge 65.433 from SanAndreas to Vice in g

# Test pathfinding
path from LosSantos to Vice:
LosSantos to SanAndreas with weight 1.230
SanAndreas to Vice with weight 65.433
total cost: 66.663